
Welcome to Gradle 9.6.0!

Here are the highlights of this release:
 - Improved Configuration Cache hit rates
 - Additional CLI rendering options
 - Important project hierarchy lookup deprecations

For more details see https://docs.gradle.org/9.6.0/release-notes.html

To honour the JVM settings for this build a single-use Daemon process will be forked. For more on this, please refer to https://docs.gradle.org/9.6.0/userguide/gradle_daemon.html#sec:disabling_the_daemon in the Gradle documentation.
Daemon will be stopped at the end of the build 
Configuration 'natives' was resolved during configuration time.
This is a build performance and scalability issue.
See https://github.com/gradle/gradle/issues/2298
Run with --info for a stacktrace.
> Task :android:decodeBoardWoodTexture
> Task :android:extractGdxNatives
> Task :android:preBuild
> Task :android:preDebugBuild
> Task :android:mergeDebugNativeDebugMetadata NO-SOURCE
> Task :core:compileJava
> Task :core:processResources NO-SOURCE
> Task :core:classes
> Task :core:jar
> Task :android:generateDebugResources
> Task :android:packageDebugResources
> Task :android:processDebugNavigationResources
> Task :android:generateDebugAssets UP-TO-DATE
> Task :android:javaPreCompileDebug
> Task :android:mergeDebugAssets
> Task :android:parseDebugLocalResources
> Task :android:compressDebugAssets
> Task :android:generateDebugRFile
> Task :android:generateDebugGlobalSynthetics
> Task :android:compileDebugKotlin NO-SOURCE
> Task :android:compileDebugJavaWithJavac
> Task :android:processDebugJavaRes NO-SOURCE
> Task :android:desugarDebugFileDependencies
> Task :android:checkDebugDuplicateClasses
> Task :android:checkDebugAarMetadata
> Task :android:mergeDebugJavaResource
> Task :android:mapDebugSourceSetPaths
> Task :android:mergeLibDexDebug
> Task :android:compileDebugNavigationResources
> Task :android:createDebugCompatibleScreenManifests
> Task :android:extractDeepLinksDebug
> Task :android:mergeDebugResources
> Task :android:processDebugMainManifest
> Task :android:processDebugManifest
> Task :android:mergeDebugJniLibFolders
> Task :android:mergeDebugNativeLibs
> Task :android:mergeExtDexDebug
> Task :android:validateSigningDebug
> Task :android:writeDebugAppMetadata
> Task :android:writeDebugSigningConfigVersions
> Task :android:processDebugManifestForPackage
> Task :android:stripDebugDebugSymbols
> Task :android:processDebugResources
> Task :android:dexBuilderDebug
> Task :android:mergeProjectDexDebug
> Task :android:packageDebug
> Task :android:createDebugApkListingFileRedirect
> Task :android:assembleDebug
gradle/actions: Writing build results to /home/runner/work/_temp/.gradle-actions/build-results/__run-1790187041302.json

[Incubating] Problems report is available at: file:///home/runner/work/takhteh-3d/takhteh-3d/build/reports/problems/problems-report.html

Deprecated Gradle features were used in this build, making it incompatible with Gradle 10.

You can use '--warning-mode all' to show the individual deprecation warnings and determine if they come from your own scripts or plugins.

For more on this, please refer to https://docs.gradle.org/9.6.0/userguide/command_line_interface.html#sec:command_line_warnings in the Gradle documentation.

BUILD SUCCESSFUL in 1m 18s
39 actionable tasks: 39 executed
Consider enabling configuration cache to speed up this build: https://docs.gradle.org/9.6.0/userguide/configuration_cache_enabling.html
